Archive member included to satisfy reference by file (symbol)

c:/program files (x86)/atollic/truestudio for stm32 9.0.0/armtools/bin/../lib/gcc/arm-atollic-eabi/6.3.1/../../../../arm-atollic-eabi/lib/armv6-m\libc_nano.a(lib_a-atoi.o)
                              src\CLI_modules\CLI_modules.o (atoi)
c:/program files (x86)/atollic/truestudio for stm32 9.0.0/armtools/bin/../lib/gcc/arm-atollic-eabi/6.3.1/../../../../arm-atollic-eabi/lib/armv6-m\libc_nano.a(lib_a-init.o)
                              src\startup_stm32f030x6.o (__libc_init_array)
c:/program files (x86)/atollic/truestudio for stm32 9.0.0/armtools/bin/../lib/gcc/arm-atollic-eabi/6.3.1/../../../../arm-atollic-eabi/lib/armv6-m\libc_nano.a(lib_a-itoa.o)
                              src\UART\uart.o (itoa)
c:/program files (x86)/atollic/truestudio for stm32 9.0.0/armtools/bin/../lib/gcc/arm-atollic-eabi/6.3.1/../../../../arm-atollic-eabi/lib/armv6-m\libc_nano.a(lib_a-strchr.o)
                              src\AT_parser\AT_parser.o (strchr)
c:/program files (x86)/atollic/truestudio for stm32 9.0.0/armtools/bin/../lib/gcc/arm-atollic-eabi/6.3.1/../../../../arm-atollic-eabi/lib/armv6-m\libc_nano.a(lib_a-strcmp.o)
                              src\AT_parser\AT_parser.o (strcmp)
c:/program files (x86)/atollic/truestudio for stm32 9.0.0/armtools/bin/../lib/gcc/arm-atollic-eabi/6.3.1/../../../../arm-atollic-eabi/lib/armv6-m\libc_nano.a(lib_a-strlen.o)
                              src\AT_parser\AT_parser.o (strlen)
c:/program files (x86)/atollic/truestudio for stm32 9.0.0/armtools/bin/../lib/gcc/arm-atollic-eabi/6.3.1/../../../../arm-atollic-eabi/lib/armv6-m\libc_nano.a(lib_a-strtok_r.o)
                              src\AT_parser\AT_parser.o (strtok_r)
c:/program files (x86)/atollic/truestudio for stm32 9.0.0/armtools/bin/../lib/gcc/arm-atollic-eabi/6.3.1/../../../../arm-atollic-eabi/lib/armv6-m\libc_nano.a(lib_a-strtol.o)
                              c:/program files (x86)/atollic/truestudio for stm32 9.0.0/armtools/bin/../lib/gcc/arm-atollic-eabi/6.3.1/../../../../arm-atollic-eabi/lib/armv6-m\libc_nano.a(lib_a-atoi.o) (_strtol_r)
c:/program files (x86)/atollic/truestudio for stm32 9.0.0/armtools/bin/../lib/gcc/arm-atollic-eabi/6.3.1/../../../../arm-atollic-eabi/lib/armv6-m\libc_nano.a(lib_a-utoa.o)
                              c:/program files (x86)/atollic/truestudio for stm32 9.0.0/armtools/bin/../lib/gcc/arm-atollic-eabi/6.3.1/../../../../arm-atollic-eabi/lib/armv6-m\libc_nano.a(lib_a-itoa.o) (__utoa)
c:/program files (x86)/atollic/truestudio for stm32 9.0.0/armtools/bin/../lib/gcc/arm-atollic-eabi/6.3.1/../../../../arm-atollic-eabi/lib/armv6-m\libc_nano.a(lib_a-impure.o)
                              c:/program files (x86)/atollic/truestudio for stm32 9.0.0/armtools/bin/../lib/gcc/arm-atollic-eabi/6.3.1/../../../../arm-atollic-eabi/lib/armv6-m\libc_nano.a(lib_a-strtol.o) (_impure_ptr)
c:/program files (x86)/atollic/truestudio for stm32 9.0.0/armtools/bin/../lib/gcc/arm-atollic-eabi/6.3.1/../../../../arm-atollic-eabi/lib/armv6-m\libc_nano.a(lib_a-locale.o)
                              c:/program files (x86)/atollic/truestudio for stm32 9.0.0/armtools/bin/../lib/gcc/arm-atollic-eabi/6.3.1/../../../../arm-atollic-eabi/lib/armv6-m\libc_nano.a(lib_a-strtol.o) (__locale_ctype_ptr_l)
c:/program files (x86)/atollic/truestudio for stm32 9.0.0/armtools/bin/../lib/gcc/arm-atollic-eabi/6.3.1/../../../../arm-atollic-eabi/lib/armv6-m\libc_nano.a(lib_a-mbtowc_r.o)
                              c:/program files (x86)/atollic/truestudio for stm32 9.0.0/armtools/bin/../lib/gcc/arm-atollic-eabi/6.3.1/../../../../arm-atollic-eabi/lib/armv6-m\libc_nano.a(lib_a-locale.o) (__ascii_mbtowc)
c:/program files (x86)/atollic/truestudio for stm32 9.0.0/armtools/bin/../lib/gcc/arm-atollic-eabi/6.3.1/../../../../arm-atollic-eabi/lib/armv6-m\libc_nano.a(lib_a-memcpy-stub.o)
                              c:/program files (x86)/atollic/truestudio for stm32 9.0.0/armtools/bin/../lib/gcc/arm-atollic-eabi/6.3.1/../../../../arm-atollic-eabi/lib/armv6-m\libc_nano.a(lib_a-utoa.o) (memcpy)
c:/program files (x86)/atollic/truestudio for stm32 9.0.0/armtools/bin/../lib/gcc/arm-atollic-eabi/6.3.1/../../../../arm-atollic-eabi/lib/armv6-m\libc_nano.a(lib_a-wctomb_r.o)
                              c:/program files (x86)/atollic/truestudio for stm32 9.0.0/armtools/bin/../lib/gcc/arm-atollic-eabi/6.3.1/../../../../arm-atollic-eabi/lib/armv6-m\libc_nano.a(lib_a-locale.o) (__ascii_wctomb)
c:/program files (x86)/atollic/truestudio for stm32 9.0.0/armtools/bin/../lib/gcc/arm-atollic-eabi/6.3.1/../../../../arm-atollic-eabi/lib/armv6-m\libc_nano.a(lib_a-ctype_.o)
                              c:/program files (x86)/atollic/truestudio for stm32 9.0.0/armtools/bin/../lib/gcc/arm-atollic-eabi/6.3.1/../../../../arm-atollic-eabi/lib/armv6-m\libc_nano.a(lib_a-locale.o) (_ctype_)
c:/program files (x86)/atollic/truestudio for stm32 9.0.0/armtools/bin/../lib/gcc/arm-atollic-eabi/6.3.1/armv6-m\libgcc.a(_udivsi3.o)
                              src\CLI_modules\CLI_modules.o (__aeabi_uidiv)
c:/program files (x86)/atollic/truestudio for stm32 9.0.0/armtools/bin/../lib/gcc/arm-atollic-eabi/6.3.1/armv6-m\libgcc.a(_dvmd_tls.o)
                              c:/program files (x86)/atollic/truestudio for stm32 9.0.0/armtools/bin/../lib/gcc/arm-atollic-eabi/6.3.1/armv6-m\libgcc.a(_udivsi3.o) (__aeabi_idiv0)

Allocating common symbols
Common symbol       size              file

delay_counter       0x4               src\dmb_delay_systick\dmb_delay_systick.o
my_uart_callback_pointer
                    0x4               src\UART\uart.o
callback            0x4               src\dmb_delay_systick\dmb_delay_systick.o
AT_command_array    0x4               src\AT_parser\AT_parser.o

Discarded input sections

 .text          0x00000000        0x0 c:/program files (x86)/atollic/truestudio for stm32 9.0.0/armtools/bin/../lib/gcc/arm-atollic-eabi/6.3.1/armv6-m/crti.o
 .data          0x00000000        0x0 c:/program files (x86)/atollic/truestudio for stm32 9.0.0/armtools/bin/../lib/gcc/arm-atollic-eabi/6.3.1/armv6-m/crti.o
 .bss           0x00000000        0x0 c:/program files (x86)/atollic/truestudio for stm32 9.0.0/armtools/bin/../lib/gcc/arm-atollic-eabi/6.3.1/armv6-m/crti.o
 .data          0x00000000        0x4 c:/program files (x86)/atollic/truestudio for stm32 9.0.0/armtools/bin/../lib/gcc/arm-atollic-eabi/6.3.1/armv6-m/crtbegin.o
 .text          0x00000000        0x0 src\AT_parser\AT_parser.o
 .data          0x00000000        0x0 src\AT_parser\AT_parser.o
 .bss           0x00000000        0x0 src\AT_parser\AT_parser.o
 .text          0x00000000        0x0 src\CLI_modules\CLI_modules.o
 .data          0x00000000        0x0 src\CLI_modules\CLI_modules.o
 .bss           0x00000000        0x0 src\CLI_modules\CLI_modules.o
 .text          0x00000000        0x0 src\RCC\RCC.o
 .data          0x00000000        0x0 src\RCC\RCC.o
 .bss           0x00000000        0x0 src\RCC\RCC.o
 .text          0x00000000        0x0 src\UART\uart.o
 .data          0x00000000        0x0 src\UART\uart.o
 .bss           0x00000000        0x0 src\UART\uart.o
 .text.uart_odebrano_linie
                0x00000000       0x20 src\UART\uart.o
 .text.uart_wyslij_lancuch_r
                0x00000000       0x2a src\UART\uart.o
 .text.uart_odbior_sprawdz
                0x00000000       0x28 src\UART\uart.o
 .text          0x00000000        0x0 src\common.o
 .data          0x00000000        0x0 src\common.o
 .bss           0x00000000        0x0 src\common.o
 .text          0x00000000        0x0 src\dmb_delay_systick\dmb_delay_systick.o
 .data          0x00000000        0x0 src\dmb_delay_systick\dmb_delay_systick.o
 .bss           0x00000000        0x0 src\dmb_delay_systick\dmb_delay_systick.o
 .text.dmb_delay_systick_register_callback
                0x00000000       0x1c src\dmb_delay_systick\dmb_delay_systick.o
 .text._delay_ms
                0x00000000       0x28 src\dmb_delay_systick\dmb_delay_systick.o
 .text          0x00000000        0x0 src\main.o
 .data          0x00000000        0x0 src\main.o
 .bss           0x00000000        0x0 src\main.o
 .text          0x00000000       0x14 src\startup_stm32f030x6.o
 .data          0x00000000        0x0 src\startup_stm32f030x6.o
 .bss           0x00000000        0x0 src\startup_stm32f030x6.o
 .text          0x00000000        0x0 src\system_stm32f0xx.o
 .data          0x00000000        0x0 src\system_stm32f0xx.o
 .bss           0x00000000        0x0 src\system_stm32f0xx.o
 .data.SystemCoreClock
                0x00000000        0x4 src\system_stm32f0xx.o
 .rodata.AHBPrescTable
                0x00000000       0x10 src\system_stm32f0xx.o
 .rodata.APBPrescTable
                0x00000000        0x8 src\system_stm32f0xx.o
 .text.SystemInit
                0x00000000       0x88 src\system_stm32f0xx.o
 .text.SystemCoreClockUpdate
                0x00000000       0xd8 src\system_stm32f0xx.o
 .debug_info    0x00000000      0x24a src\system_stm32f0xx.o
 .debug_abbrev  0x00000000       0xfd src\system_stm32f0xx.o
 .debug_aranges
                0x00000000       0x28 src\system_stm32f0xx.o
 .debug_ranges  0x00000000       0x18 src\system_stm32f0xx.o
 .debug_line    0x00000000      0x1b8 src\system_stm32f0xx.o
 .debug_str     0x00000000      0x261 src\system_stm32f0xx.o
 .comment       0x00000000       0x7d src\system_stm32f0xx.o
 .debug_frame   0x00000000       0x4c src\system_stm32f0xx.o
 .ARM.attributes
                0x00000000       0x31 src\system_stm32f0xx.o
 .text          0x00000000        0x0 c:/program files (x86)/atollic/truestudio for stm32 9.0.0/armtools/bin/../lib/gcc/arm-atollic-eabi/6.3.1/../../../../arm-atollic-eabi/lib/armv6-m\libc_nano.a(lib_a-atoi.o)
 .data          0x00000000        0x0 c:/program files (x86)/atollic/truestudio for stm32 9.0.0/armtools/bin/../lib/gcc/arm-atollic-eabi/6.3.1/../../../../arm-atollic-eabi/lib/armv6-m\libc_nano.a(lib_a-atoi.o)
 .bss           0x00000000        0x0 c:/program files (x86)/atollic/truestudio for stm32 9.0.0/armtools/bin/../lib/gcc/arm-atollic-eabi/6.3.1/../../../../arm-atollic-eabi/lib/armv6-m\libc_nano.a(lib_a-atoi.o)
 .text._atoi_r  0x00000000        0xc c:/program files (x86)/atollic/truestudio for stm32 9.0.0/armtools/bin/../lib/gcc/arm-atollic-eabi/6.3.1/../../../../arm-atollic-eabi/lib/armv6-m\libc_nano.a(lib_a-atoi.o)
 .text          0x00000000        0x0 c:/program files (x86)/atollic/truestudio for stm32 9.0.0/armtools/bin/../lib/gcc/arm-atollic-eabi/6.3.1/../../../../arm-atollic-eabi/lib/armv6-m\libc_nano.a(lib_a-init.o)
 .data          0x00000000        0x0 c:/program files (x86)/atollic/truestudio for stm32 9.0.0/armtools/bin/../lib/gcc/arm-atollic-eabi/6.3.1/../../../../arm-atollic-eabi/lib/armv6-m\libc_nano.a(lib_a-init.o)
 .bss           0x00000000        0x0 c:/program files (x86)/atollic/truestudio for stm32 9.0.0/armtools/bin/../lib/gcc/arm-atollic-eabi/6.3.1/../../../../arm-atollic-eabi/lib/armv6-m\libc_nano.a(lib_a-init.o)
 .text          0x00000000        0x0 c:/program files (x86)/atollic/truestudio for stm32 9.0.0/armtools/bin/../lib/gcc/arm-atollic-eabi/6.3.1/../../../../arm-atollic-eabi/lib/armv6-m\libc_nano.a(lib_a-itoa.o)
 .data          0x00000000        0x0 c:/program files (x86)/atollic/truestudio for stm32 9.0.0/armtools/bin/../lib/gcc/arm-atollic-eabi/6.3.1/../../../../arm-atollic-eabi/lib/armv6-m\libc_nano.a(lib_a-itoa.o)
 .bss           0x00000000        0x0 c:/program files (x86)/atollic/truestudio for stm32 9.0.0/armtools/bin/../lib/gcc/arm-atollic-eabi/6.3.1/../../../../arm-atollic-eabi/lib/armv6-m\libc_nano.a(lib_a-itoa.o)
 .text          0x00000000        0x0 c:/program files (x86)/atollic/truestudio for stm32 9.0.0/armtools/bin/../lib/gcc/arm-atollic-eabi/6.3.1/../../../../arm-atollic-eabi/lib/armv6-m\libc_nano.a(lib_a-strchr.o)
 .data          0x00000000        0x0 c:/program files (x86)/atollic/truestudio for stm32 9.0.0/armtools/bin/../lib/gcc/arm-atollic-eabi/6.3.1/../../../../arm-atollic-eabi/lib/armv6-m\libc_nano.a(lib_a-strchr.o)
 .bss           0x00000000        0x0 c:/program files (x86)/atollic/truestudio for stm32 9.0.0/armtools/bin/../lib/gcc/arm-atollic-eabi/6.3.1/../../../../arm-atollic-eabi/lib/armv6-m\libc_nano.a(lib_a-strchr.o)
 .data          0x00000000        0x0 c:/program files (x86)/atollic/truestudio for stm32 9.0.0/armtools/bin/../lib/gcc/arm-atollic-eabi/6.3.1/../../../../arm-atollic-eabi/lib/armv6-m\libc_nano.a(lib_a-strcmp.o)
 .bss           0x00000000        0x0 c:/program files (x86)/atollic/truestudio for stm32 9.0.0/armtools/bin/../lib/gcc/arm-atollic-eabi/6.3.1/../../../../arm-atollic-eabi/lib/armv6-m\libc_nano.a(lib_a-strcmp.o)
 .data          0x00000000        0x0 c:/program files (x86)/atollic/truestudio for stm32 9.0.0/armtools/bin/../lib/gcc/arm-atollic-eabi/6.3.1/../../../../arm-atollic-eabi/lib/armv6-m\libc_nano.a(lib_a-strlen.o)
 .bss           0x00000000        0x0 c:/program files (x86)/atollic/truestudio for stm32 9.0.0/armtools/bin/../lib/gcc/arm-atollic-eabi/6.3.1/../../../../arm-atollic-eabi/lib/armv6-m\libc_nano.a(lib_a-strlen.o)
 .text          0x00000000        0x0 c:/program files (x86)/atollic/truestudio for stm32 9.0.0/armtools/bin/../lib/gcc/arm-atollic-eabi/6.3.1/../../../../arm-atollic-eabi/lib/armv6-m\libc_nano.a(lib_a-strtok_r.o)
 .data          0x00000000        0x0 c:/program files (x86)/atollic/truestudio for stm32 9.0.0/armtools/bin/../lib/gcc/arm-atollic-eabi/6.3.1/../../../../arm-atollic-eabi/lib/armv6-m\libc_nano.a(lib_a-strtok_r.o)
 .bss           0x00000000        0x0 c:/program files (x86)/atollic/truestudio for stm32 9.0.0/armtools/bin/../lib/gcc/arm-atollic-eabi/6.3.1/../../../../arm-atollic-eabi/lib/armv6-m\libc_nano.a(lib_a-strtok_r.o)
 .text          0x00000000        0x0 c:/program files (x86)/atollic/truestudio for stm32 9.0.0/armtools/bin/../lib/gcc/arm-atollic-eabi/6.3.1/../../../../arm-atollic-eabi/lib/armv6-m\libc_nano.a(lib_a-strtol.o)
 .data          0x00000000        0x0 c:/program files (x86)/atollic/truestudio for stm32 9.0.0/armtools/bin/../lib/gcc/arm-atollic-eabi/6.3.1/../../../../arm-atollic-eabi/lib/armv6-m\libc_nano.a(lib_a-strtol.o)
 .bss           0x00000000        0x0 c:/program files (x86)/atollic/truestudio for stm32 9.0.0/armtools/bin/../lib/gcc/arm-atollic-eabi/6.3.1/../../../../arm-atollic-eabi/lib/armv6-m\libc_nano.a(lib_a-strtol.o)
 .text._strtol_r
                0x00000000       0x20 c:/program files (x86)/atollic/truestudio for stm32 9.0.0/armtools/bin/../lib/gcc/arm-atollic-eabi/6.3.1/../../../../arm-atollic-eabi/lib/armv6-m\libc_nano.a(lib_a-strtol.o)
 .text.strtol_l
                0x00000000       0x18 c:/program files (x86)/atollic/truestudio for stm32 9.0.0/armtools/bin/../lib/gcc/arm-atollic-eabi/6.3.1/../../../../arm-atollic-eabi/lib/armv6-m\libc_nano.a(lib_a-strtol.o)
 .text          0x00000000        0x0 c:/program files (x86)/atollic/truestudio for stm32 9.0.0/armtools/bin/../lib/gcc/arm-atollic-eabi/6.3.1/../../../../arm-atollic-eabi/lib/armv6-m\libc_nano.a(lib_a-utoa.o)
 .data          0x00000000        0x0 c:/program files (x86)/atollic/truestudio for stm32 9.0.0/armtools/bin/../lib/gcc/arm-atollic-eabi/6.3.1/../../../../arm-atollic-eabi/lib/armv6-m\libc_nano.a(lib_a-utoa.o)
 .bss           0x00000000        0x0 c:/program files (x86)/atollic/truestudio for stm32 9.0.0/armtools/bin/../lib/gcc/arm-atollic-eabi/6.3.1/../../../../arm-atollic-eabi/lib/armv6-m\libc_nano.a(lib_a-utoa.o)
 .text.utoa     0x00000000        0x8 c:/program files (x86)/atollic/truestudio for stm32 9.0.0/armtools/bin/../lib/gcc/arm-atollic-eabi/6.3.1/../../../../arm-atollic-eabi/lib/armv6-m\libc_nano.a(lib_a-utoa.o)
 .text          0x00000000        0x0 c:/program files (x86)/atollic/truestudio for stm32 9.0.0/armtools/bin/../lib/gcc/arm-atollic-eabi/6.3.1/../../../../arm-atollic-eabi/lib/armv6-m\libc_nano.a(lib_a-impure.o)
 .data          0x00000000        0x0 c:/program files (x86)/atollic/truestudio for stm32 9.0.0/armtools/bin/../lib/gcc/arm-atollic-eabi/6.3.1/../../../../arm-atollic-eabi/lib/armv6-m\libc_nano.a(lib_a-impure.o)
 .bss           0x00000000        0x0 c:/program files (x86)/atollic/truestudio for stm32 9.0.0/armtools/bin/../lib/gcc/arm-atollic-eabi/6.3.1/../../../../arm-atollic-eabi/lib/armv6-m\libc_nano.a(lib_a-impure.o)
 .rodata._global_impure_ptr
                0x00000000        0x4 c:/program files (x86)/atollic/truestudio for stm32 9.0.0/armtools/bin/../lib/gcc/arm-atollic-eabi/6.3.1/../../../../arm-atollic-eabi/lib/armv6-m\libc_nano.a(lib_a-impure.o)
 .text          0x00000000        0x0 c:/program files (x86)/atollic/truestudio for stm32 9.0.0/armtools/bin/../lib/gcc/arm-atollic-eabi/6.3.1/../../../../arm-atollic-eabi/lib/armv6-m\libc_nano.a(lib_a-locale.o)
 .data          0x00000000        0x0 c:/program files (x86)/atollic/truestudio for stm32 9.0.0/armtools/bin/../lib/gcc/arm-atollic-eabi/6.3.1/../../../../arm-atollic-eabi/lib/armv6-m\libc_nano.a(lib_a-locale.o)
 .bss           0x00000000        0x0 c:/program files (x86)/atollic/truestudio for stm32 9.0.0/armtools/bin/../lib/gcc/arm-atollic-eabi/6.3.1/../../../../arm-atollic-eabi/lib/armv6-m\libc_nano.a(lib_a-locale.o)
 .text._setlocale_r
                0x00000000       0x40 c:/program files (x86)/atollic/truestudio for stm32 9.0.0/armtools/bin/../lib/gcc/arm-atollic-eabi/6.3.1/../../../../arm-atollic-eabi/lib/armv6-m\libc_nano.a(lib_a-locale.o)
 .text.__locale_mb_cur_max
                0x00000000       0x1c c:/program files (x86)/atollic/truestudio for stm32 9.0.0/armtools/bin/../lib/gcc/arm-atollic-eabi/6.3.1/../../../../arm-atollic-eabi/lib/armv6-m\libc_nano.a(lib_a-locale.o)
 .text.__locale_ctype_ptr
                0x00000000       0x1c c:/program files (x86)/atollic/truestudio for stm32 9.0.0/armtools/bin/../lib/gcc/arm-atollic-eabi/6.3.1/../../../../arm-atollic-eabi/lib/armv6-m\libc_nano.a(lib_a-locale.o)
 .text.setlocale
                0x00000000       0x14 c:/program files (x86)/atollic/truestudio for stm32 9.0.0/armtools/bin/../lib/gcc/arm-atollic-eabi/6.3.1/../../../../arm-atollic-eabi/lib/armv6-m\libc_nano.a(lib_a-locale.o)
 .bss._PathLocale
                0x00000000        0x4 c:/program files (x86)/atollic/truestudio for stm32 9.0.0/armtools/bin/../lib/gcc/arm-atollic-eabi/6.3.1/../../../../arm-atollic-eabi/lib/armv6-m\libc_nano.a(lib_a-locale.o)
 .text          0x00000000        0x0 c:/program files (x86)/atollic/truestudio for stm32 9.0.0/armtools/bin/../lib/gcc/arm-atollic-eabi/6.3.1/../../../../arm-atollic-eabi/lib/armv6-m\libc_nano.a(lib_a-mbtowc_r.o)
 .data          0x00000000        0x0 c:/program files (x86)/atollic/truestudio for stm32 9.0.0/armtools/bin/../lib/gcc/arm-atollic-eabi/6.3.1/../../../../arm-atollic-eabi/lib/armv6-m\libc_nano.a(lib_a-mbtowc_r.o)
 .bss           0x00000000        0x0 c:/program files (x86)/atollic/truestudio for stm32 9.0.0/armtools/bin/../lib/gcc/arm-atollic-eabi/6.3.1/../../../../arm-atollic-eabi/lib/armv6-m\libc_nano.a(lib_a-mbtowc_r.o)
 .text._mbtowc_r
                0x00000000       0x24 c:/program files (x86)/atollic/truestudio for stm32 9.0.0/armtools/bin/../lib/gcc/arm-atollic-eabi/6.3.1/../../../../arm-atollic-eabi/lib/armv6-m\libc_nano.a(lib_a-mbtowc_r.o)
 .text          0x00000000        0x0 c:/program files (x86)/atollic/truestudio for stm32 9.0.0/armtools/bin/../lib/gcc/arm-atollic-eabi/6.3.1/../../../../arm-atollic-eabi/lib/armv6-m\libc_nano.a(lib_a-memcpy-stub.o)
 .data          0x00000000        0x0 c:/program files (x86)/atollic/truestudio for stm32 9.0.0/armtools/bin/../lib/gcc/arm-atollic-eabi/6.3.1/../../../../arm-atollic-eabi/lib/armv6-m\libc_nano.a(lib_a-memcpy-stub.o)
 .bss           0x00000000        0x0 c:/program files (x86)/atollic/truestudio for stm32 9.0.0/armtools/bin/../lib/gcc/arm-atollic-eabi/6.3.1/../../../../arm-atollic-eabi/lib/armv6-m\libc_nano.a(lib_a-memcpy-stub.o)
 .text          0x00000000        0x0 c:/program files (x86)/atollic/truestudio for stm32 9.0.0/armtools/bin/../lib/gcc/arm-atollic-eabi/6.3.1/../../../../arm-atollic-eabi/lib/armv6-m\libc_nano.a(lib_a-wctomb_r.o)
 .data          0x00000000        0x0 c:/program files (x86)/atollic/truestudio for stm32 9.0.0/armtools/bin/../lib/gcc/arm-atollic-eabi/6.3.1/../../../../arm-atollic-eabi/lib/armv6-m\libc_nano.a(lib_a-wctomb_r.o)
 .bss           0x00000000        0x0 c:/program files (x86)/atollic/truestudio for stm32 9.0.0/armtools/bin/../lib/gcc/arm-atollic-eabi/6.3.1/../../../../arm-atollic-eabi/lib/armv6-m\libc_nano.a(lib_a-wctomb_r.o)
 .text._wctomb_r
                0x00000000       0x20 c:/program files (x86)/atollic/truestudio for stm32 9.0.0/armtools/bin/../lib/gcc/arm-atollic-eabi/6.3.1/../../../../arm-atollic-eabi/lib/armv6-m\libc_nano.a(lib_a-wctomb_r.o)
 .text          0x00000000        0x0 c:/program files (x86)/atollic/truestudio for stm32 9.0.0/armtools/bin/../lib/gcc/arm-atollic-eabi/6.3.1/../../../../arm-atollic-eabi/lib/armv6-m\libc_nano.a(lib_a-ctype_.o)
 .data          0x00000000        0x0 c:/program files (x86)/atollic/truestudio for stm32 9.0.0/armtools/bin/../lib/gcc/arm-atollic-eabi/6.3.1/../../../../arm-atollic-eabi/lib/armv6-m\libc_nano.a(lib_a-ctype_.o)
 .bss           0x00000000        0x0 c:/program files (x86)/atollic/truestudio for stm32 9.0.0/armtools/bin/../lib/gcc/arm-atollic-eabi/6.3.1/../../../../arm-atollic-eabi/lib/armv6-m\libc_nano.a(lib_a-ctype_.o)
 .data          0x00000000        0x0 c:/program files (x86)/atollic/truestudio for stm32 9.0.0/armtools/bin/../lib/gcc/arm-atollic-eabi/6.3.1/armv6-m\libgcc.a(_udivsi3.o)
 .bss           0x00000000        0x0 c:/program files (x86)/atollic/truestudio for stm32 9.0.0/armtools/bin/../lib/gcc/arm-atollic-eabi/6.3.1/armv6-m\libgcc.a(_udivsi3.o)
 .data          0x00000000        0x0 c:/program files (x86)/atollic/truestudio for stm32 9.0.0/armtools/bin/../lib/gcc/arm-atollic-eabi/6.3.1/armv6-m\libgcc.a(_dvmd_tls.o)
 .bss           0x00000000        0x0 c:/program files (x86)/atollic/truestudio for stm32 9.0.0/armtools/bin/../lib/gcc/arm-atollic-eabi/6.3.1/armv6-m\libgcc.a(_dvmd_tls.o)
 .text          0x00000000        0x0 c:/program files (x86)/atollic/truestudio for stm32 9.0.0/armtools/bin/../lib/gcc/arm-atollic-eabi/6.3.1/armv6-m/crtend.o
 .data          0x00000000        0x0 c:/program files (x86)/atollic/truestudio for stm32 9.0.0/armtools/bin/../lib/gcc/arm-atollic-eabi/6.3.1/armv6-m/crtend.o
 .bss           0x00000000        0x0 c:/program files (x86)/atollic/truestudio for stm32 9.0.0/armtools/bin/../lib/gcc/arm-atollic-eabi/6.3.1/armv6-m/crtend.o
 .eh_frame      0x00000000        0x4 c:/program files (x86)/atollic/truestudio for stm32 9.0.0/armtools/bin/../lib/gcc/arm-atollic-eabi/6.3.1/armv6-m/crtend.o
 .ARM.attributes
                0x00000000       0x2c c:/program files (x86)/atollic/truestudio for stm32 9.0.0/armtools/bin/../lib/gcc/arm-atollic-eabi/6.3.1/armv6-m/crtend.o
 .text          0x00000000        0x0 c:/program files (x86)/atollic/truestudio for stm32 9.0.0/armtools/bin/../lib/gcc/arm-atollic-eabi/6.3.1/armv6-m/crtn.o
 .data          0x00000000        0x0 c:/program files (x86)/atollic/truestudio for stm32 9.0.0/armtools/bin/../lib/gcc/arm-atollic-eabi/6.3.1/armv6-m/crtn.o
 .bss           0x00000000        0x0 c:/program files (x86)/atollic/truestudio for stm32 9.0.0/armtools/bin/../lib/gcc/arm-atollic-eabi/6.3.1/armv6-m/crtn.o

Memory Configuration

Name             Origin             Length             Attributes
FLASH            0x08000000         0x00004000         xr
RAM              0x20000000         0x00001000         xrw
MEMORY_B1        0x60000000         0x00000000         xr
*default*        0x00000000         0xffffffff

Linker script and memory map

LOAD c:/program files (x86)/atollic/truestudio for stm32 9.0.0/armtools/bin/../lib/gcc/arm-atollic-eabi/6.3.1/armv6-m/crti.o
LOAD c:/program files (x86)/atollic/truestudio for stm32 9.0.0/armtools/bin/../lib/gcc/arm-atollic-eabi/6.3.1/armv6-m/crtbegin.o
LOAD src\AT_parser\AT_parser.o
LOAD src\CLI_modules\CLI_modules.o
LOAD src\RCC\RCC.o
LOAD src\UART\uart.o
LOAD src\common.o
LOAD src\dmb_delay_systick\dmb_delay_systick.o
LOAD src\main.o
LOAD src\startup_stm32f030x6.o
LOAD src\system_stm32f0xx.o
                0x00000080                malloc_getpagesize_P = 0x80
START GROUP
LOAD c:/program files (x86)/atollic/truestudio for stm32 9.0.0/armtools/bin/../lib/gcc/arm-atollic-eabi/6.3.1/../../../../arm-atollic-eabi/lib/armv6-m\libc_nano.a
LOAD c:/program files (x86)/atollic/truestudio for stm32 9.0.0/armtools/bin/../lib/gcc/arm-atollic-eabi/6.3.1/../../../../arm-atollic-eabi/lib/armv6-m\libm.a
END GROUP
START GROUP
LOAD c:/program files (x86)/atollic/truestudio for stm32 9.0.0/armtools/bin/../lib/gcc/arm-atollic-eabi/6.3.1/armv6-m\libgcc.a
LOAD c:/program files (x86)/atollic/truestudio for stm32 9.0.0/armtools/bin/../lib/gcc/arm-atollic-eabi/6.3.1/../../../../arm-atollic-eabi/lib/armv6-m\libc_nano.a
END GROUP
START GROUP
LOAD c:/program files (x86)/atollic/truestudio for stm32 9.0.0/armtools/bin/../lib/gcc/arm-atollic-eabi/6.3.1/armv6-m\libgcc.a
LOAD c:/program files (x86)/atollic/truestudio for stm32 9.0.0/armtools/bin/../lib/gcc/arm-atollic-eabi/6.3.1/../../../../arm-atollic-eabi/lib/armv6-m\libc_nano.a
LOAD c:/program files (x86)/atollic/truestudio for stm32 9.0.0/armtools/bin/../lib/gcc/arm-atollic-eabi/6.3.1/../../../../arm-atollic-eabi/lib/armv6-m\libnosys.a
END GROUP
START GROUP
LOAD c:/program files (x86)/atollic/truestudio for stm32 9.0.0/armtools/bin/../lib/gcc/arm-atollic-eabi/6.3.1/armv6-m\libgcc.a
LOAD c:/program files (x86)/atollic/truestudio for stm32 9.0.0/armtools/bin/../lib/gcc/arm-atollic-eabi/6.3.1/../../../../arm-atollic-eabi/lib/armv6-m\libc_nano.a
LOAD c:/program files (x86)/atollic/truestudio for stm32 9.0.0/armtools/bin/../lib/gcc/arm-atollic-eabi/6.3.1/../../../../arm-atollic-eabi/lib/armv6-m\libnosys.a
END GROUP
LOAD c:/program files (x86)/atollic/truestudio for stm32 9.0.0/armtools/bin/../lib/gcc/arm-atollic-eabi/6.3.1/armv6-m/crtend.o
LOAD c:/program files (x86)/atollic/truestudio for stm32 9.0.0/armtools/bin/../lib/gcc/arm-atollic-eabi/6.3.1/armv6-m/crtn.o
                0x20001000                _estack = 0x20001000
                0x00000000                _Min_Heap_Size = 0x0
                0x00000080                _Min_Stack_Size = 0x80

.isr_vector     0x08000000       0xc0
                0x08000000                . = ALIGN (0x4)
 *(.isr_vector)
 .isr_vector    0x08000000       0xc0 src\startup_stm32f030x6.o
                0x08000000                g_pfnVectors
                0x080000c0                . = ALIGN (0x4)

.text           0x080000c0     0x1700
                0x080000c0                . = ALIGN (0x4)
 *(.text)
 .text          0x080000c0       0x48 c:/program files (x86)/atollic/truestudio for stm32 9.0.0/armtools/bin/../lib/gcc/arm-atollic-eabi/6.3.1/armv6-m/crtbegin.o
 .text          0x08000108       0x14 c:/program files (x86)/atollic/truestudio for stm32 9.0.0/armtools/bin/../lib/gcc/arm-atollic-eabi/6.3.1/../../../../arm-atollic-eabi/lib/armv6-m\libc_nano.a(lib_a-strcmp.o)
                0x08000108                strcmp
 .text          0x0800011c        0xe c:/program files (x86)/atollic/truestudio for stm32 9.0.0/armtools/bin/../lib/gcc/arm-atollic-eabi/6.3.1/../../../../arm-atollic-eabi/lib/armv6-m\libc_nano.a(lib_a-strlen.o)
                0x0800011c                strlen
 *fill*         0x0800012a        0x2 
 .text          0x0800012c      0x114 c:/program files (x86)/atollic/truestudio for stm32 9.0.0/armtools/bin/../lib/gcc/arm-atollic-eabi/6.3.1/armv6-m\libgcc.a(_udivsi3.o)
                0x0800012c                __aeabi_uidiv
                0x0800012c                __udivsi3
                0x08000238                __aeabi_uidivmod
 .text          0x08000240        0x4 c:/program files (x86)/atollic/truestudio for stm32 9.0.0/armtools/bin/../lib/gcc/arm-atollic-eabi/6.3.1/armv6-m\libgcc.a(_dvmd_tls.o)
                0x08000240                __aeabi_idiv0
                0x08000240                __aeabi_ldiv0
 *(.text*)
 .text.AT_register_AT_commands_table
                0x08000244       0x2c src\AT_parser\AT_parser.o
                0x08000244                AT_register_AT_commands_table
 .text.AT_register_no_AT_commands_table
                0x08000270       0x28 src\AT_parser\AT_parser.o
                0x08000270                AT_register_no_AT_commands_table
 .text.AT_register_error_function
                0x08000298       0x1c src\AT_parser\AT_parser.o
                0x08000298                AT_register_error_function
 .text.AT_commands_decode
                0x080002b4      0x24c src\AT_parser\AT_parser.o
                0x080002b4                AT_commands_decode
 .text.wyszukaj_w_tabeli_parametrow
                0x08000500       0x80 src\CLI_modules\CLI_modules.o
                0x08000500                wyszukaj_w_tabeli_parametrow
 .text.GPIO_set_output
                0x08000580       0x64 src\CLI_modules\CLI_modules.o
                0x08000580                GPIO_set_output
 .text.GPIO_read_input
                0x080005e4       0x3c src\CLI_modules\CLI_modules.o
                0x080005e4                GPIO_read_input
 .text.init_ADC_single
                0x08000620       0x40 src\CLI_modules\CLI_modules.o
                0x08000620                init_ADC_single
 .text.CLI_ADC_pomiar
                0x08000660       0x44 src\CLI_modules\CLI_modules.o
                0x08000660                CLI_ADC_pomiar
 .text.CLI_GPIO_init
                0x080006a4      0x264 src\CLI_modules\CLI_modules.o
                0x080006a4                CLI_GPIO_init
 .text.CLI_GPIO_out
                0x08000908       0xc4 src\CLI_modules\CLI_modules.o
                0x08000908                CLI_GPIO_out
 .text.CLI_GPIO_in
                0x080009cc       0xc0 src\CLI_modules\CLI_modules.o
                0x080009cc                CLI_GPIO_in
 .text.CLI_ADC_init
                0x08000a8c       0x2c src\CLI_modules\CLI_modules.o
                0x08000a8c                CLI_ADC_init
 .text.CLI_ADC_start
                0x08000ab8       0x7c src\CLI_modules\CLI_modules.o
                0x08000ab8                CLI_ADC_start
 .text.CLI_ADC_start_v
                0x08000b34       0xd0 src\CLI_modules\CLI_modules.o
                0x08000b34                CLI_ADC_start_v
 .text.CLI_ADC_set_A
                0x08000c04       0x3c src\CLI_modules\CLI_modules.o
                0x08000c04                CLI_ADC_set_A
 .text.CLI_ADC_set_B
                0x08000c40       0x40 src\CLI_modules\CLI_modules.o
                0x08000c40                CLI_ADC_set_B
 .text.CLI_ADC_get_AB
                0x08000c80       0x68 src\CLI_modules\CLI_modules.o
                0x08000c80                CLI_ADC_get_AB
 .text.RCC_init
                0x08000ce8       0xd4 src\RCC\RCC.o
                0x08000ce8                RCC_init
 .text.NVIC_EnableIRQ
                0x08000dbc       0x2c src\UART\uart.o
 .text.uart_register_rx_callback
                0x08000de8       0x1c src\UART\uart.o
                0x08000de8                uart_register_rx_callback
 .text.USART1_IRQHandler
                0x08000e04      0x114 src\UART\uart.o
                0x08000e04                USART1_IRQHandler
 .text.uart_event_check
                0x08000f18       0x3c src\UART\uart.o
                0x08000f18                uart_event_check
 .text.uart_pobierz_linie
                0x08000f54       0x58 src\UART\uart.o
                0x08000f54                uart_pobierz_linie
 .text.uart_wyslij_znak
                0x08000fac       0x7c src\UART\uart.o
                0x08000fac                uart_wyslij_znak
 .text.uart_wyslij_lancuch
                0x08001028       0x36 src\UART\uart.o
                0x08001028                uart_wyslij_lancuch
 .text.uart_wyslij_lancuch_rn
                0x0800105e       0x30 src\UART\uart.o
                0x0800105e                uart_wyslij_lancuch_rn
 *fill*         0x0800108e        0x2 
 .text.uart_pobierz_znak
                0x08001090       0x58 src\UART\uart.o
                0x08001090                uart_pobierz_znak
 .text.uart_wyslij_liczbe
                0x080010e8       0x30 src\UART\uart.o
                0x080010e8                uart_wyslij_liczbe
 .text.init_uart
                0x08001118       0xd8 src\UART\uart.o
                0x08001118                init_uart
 .text.odeslij_ok
                0x080011f0       0x18 src\common.o
                0x080011f0                odeslij_ok
 .text.odeslij_error
                0x08001208       0x18 src\common.o
                0x08001208                odeslij_error
 .text.przywitanie_no_AT
                0x08001220       0x18 src\common.o
                0x08001220                przywitanie_no_AT
 .text.error    0x08001238       0x14 src\common.o
                0x08001238                error
 .text.NVIC_SetPriority
                0x0800124c       0xdc src\dmb_delay_systick\dmb_delay_systick.o
 .text.SysTick_Config
                0x08001328       0x48 src\dmb_delay_systick\dmb_delay_systick.o
 .text.dmb_delay_systick_init
                0x08001370       0x24 src\dmb_delay_systick\dmb_delay_systick.o
                0x08001370                dmb_delay_systick_init
 .text.SysTick_Handler
                0x08001394       0x34 src\dmb_delay_systick\dmb_delay_systick.o
                0x08001394                SysTick_Handler
 .text.main     0x080013c8       0x84 src\main.o
                0x080013c8                main
 .text.Reset_Handler
                0x0800144c       0x4c src\startup_stm32f030x6.o
                0x0800144c                Reset_Handler
 .text.Default_Handler
                0x08001498        0x2 src\startup_stm32f030x6.o
                0x08001498                TIM1_CC_IRQHandler
                0x08001498                HardFault_Handler
                0x08001498                PendSV_Handler
                0x08001498                NMI_Handler
                0x08001498                I2C1_IRQHandler
                0x08001498                SPI1_IRQHandler
                0x08001498                EXTI2_3_IRQHandler
                0x08001498                ADC1_IRQHandler
                0x08001498                TIM17_IRQHandler
                0x08001498                RTC_IRQHandler
                0x08001498                TIM16_IRQHandler
                0x08001498                TIM3_IRQHandler
                0x08001498                EXTI4_15_IRQHandler
                0x08001498                RCC_IRQHandler
                0x08001498                DMA1_Channel1_IRQHandler
                0x08001498                Default_Handler
                0x08001498                TIM14_IRQHandler
                0x08001498                DMA1_Channel4_5_IRQHandler
                0x08001498                EXTI0_1_IRQHandler
                0x08001498                SVC_Handler
                0x08001498                WWDG_IRQHandler
                0x08001498                DMA1_Channel2_3_IRQHandler
                0x08001498                FLASH_IRQHandler
                0x08001498                TIM1_BRK_UP_TRG_COM_IRQHandler
 .text.atoi     0x0800149a        0xc c:/program files (x86)/atollic/truestudio for stm32 9.0.0/armtools/bin/../lib/gcc/arm-atollic-eabi/6.3.1/../../../../arm-atollic-eabi/lib/armv6-m\libc_nano.a(lib_a-atoi.o)
                0x0800149a                atoi
 *fill*         0x080014a6        0x2 
 .text.__libc_init_array
                0x080014a8       0x48 c:/program files (x86)/atollic/truestudio for stm32 9.0.0/armtools/bin/../lib/gcc/arm-atollic-eabi/6.3.1/../../../../arm-atollic-eabi/lib/armv6-m\libc_nano.a(lib_a-init.o)
                0x080014a8                __libc_init_array
 .text.__itoa   0x080014f0       0x30 c:/program files (x86)/atollic/truestudio for stm32 9.0.0/armtools/bin/../lib/gcc/arm-atollic-eabi/6.3.1/../../../../arm-atollic-eabi/lib/armv6-m\libc_nano.a(lib_a-itoa.o)
                0x080014f0                __itoa
 .text.itoa     0x08001520        0x8 c:/program files (x86)/atollic/truestudio for stm32 9.0.0/armtools/bin/../lib/gcc/arm-atollic-eabi/6.3.1/../../../../arm-atollic-eabi/lib/armv6-m\libc_nano.a(lib_a-itoa.o)
                0x08001520                itoa
 .text.strchr   0x08001528       0x1c c:/program files (x86)/atollic/truestudio for stm32 9.0.0/armtools/bin/../lib/gcc/arm-atollic-eabi/6.3.1/../../../../arm-atollic-eabi/lib/armv6-m\libc_nano.a(lib_a-strchr.o)
                0x08001528                strchr
 .text.__strtok_r
                0x08001544       0x5c c:/program files (x86)/atollic/truestudio for stm32 9.0.0/armtools/bin/../lib/gcc/arm-atollic-eabi/6.3.1/../../../../arm-atollic-eabi/lib/armv6-m\libc_nano.a(lib_a-strtok_r.o)
                0x08001544                __strtok_r
 .text.strtok_r
                0x080015a0        0xa c:/program files (x86)/atollic/truestudio for stm32 9.0.0/armtools/bin/../lib/gcc/arm-atollic-eabi/6.3.1/../../../../arm-atollic-eabi/lib/armv6-m\libc_nano.a(lib_a-strtok_r.o)
                0x080015a0                strtok_r
 *fill*         0x080015aa        0x2 
 .text._strtol_l.isra.0
                0x080015ac      0x10c c:/program files (x86)/atollic/truestudio for stm32 9.0.0/armtools/bin/../lib/gcc/arm-atollic-eabi/6.3.1/../../../../arm-atollic-eabi/lib/armv6-m\libc_nano.a(lib_a-strtol.o)
 .text.strtol   0x080016b8       0x28 c:/program files (x86)/atollic/truestudio for stm32 9.0.0/armtools/bin/../lib/gcc/arm-atollic-eabi/6.3.1/../../../../arm-atollic-eabi/lib/armv6-m\libc_nano.a(lib_a-strtol.o)
                0x080016b8                strtol
 .text.__utoa   0x080016e0       0x74 c:/program files (x86)/atollic/truestudio for stm32 9.0.0/armtools/bin/../lib/gcc/arm-atollic-eabi/6.3.1/../../../../arm-atollic-eabi/lib/armv6-m\libc_nano.a(lib_a-utoa.o)
                0x080016e0                __utoa
 .text.__locale_ctype_ptr_l
                0x08001754        0x6 c:/program files (x86)/atollic/truestudio for stm32 9.0.0/armtools/bin/../lib/gcc/arm-atollic-eabi/6.3.1/../../../../arm-atollic-eabi/lib/armv6-m\libc_nano.a(lib_a-locale.o)
                0x08001754                __locale_ctype_ptr_l
 .text.__ascii_mbtowc
                0x0800175a       0x24 c:/program files (x86)/atollic/truestudio for stm32 9.0.0/armtools/bin/../lib/gcc/arm-atollic-eabi/6.3.1/../../../../arm-atollic-eabi/lib/armv6-m\libc_nano.a(lib_a-mbtowc_r.o)
                0x0800175a                __ascii_mbtowc
 .text.memcpy   0x0800177e       0x12 c:/program files (x86)/atollic/truestudio for stm32 9.0.0/armtools/bin/../lib/gcc/arm-atollic-eabi/6.3.1/../../../../arm-atollic-eabi/lib/armv6-m\libc_nano.a(lib_a-memcpy-stub.o)
                0x0800177e                memcpy
 .text.__ascii_wctomb
                0x08001790       0x18 c:/program files (x86)/atollic/truestudio for stm32 9.0.0/armtools/bin/../lib/gcc/arm-atollic-eabi/6.3.1/../../../../arm-atollic-eabi/lib/armv6-m\libc_nano.a(lib_a-wctomb_r.o)
                0x08001790                __ascii_wctomb
 *(.glue_7)
 .glue_7        0x080017a8        0x0 linker stubs
 *(.glue_7t)
 .glue_7t       0x080017a8        0x0 linker stubs
 *(.eh_frame)
 .eh_frame      0x080017a8        0x0 c:/program files (x86)/atollic/truestudio for stm32 9.0.0/armtools/bin/../lib/gcc/arm-atollic-eabi/6.3.1/armv6-m/crtbegin.o
 *(.init)
 .init          0x080017a8        0x4 c:/program files (x86)/atollic/truestudio for stm32 9.0.0/armtools/bin/../lib/gcc/arm-atollic-eabi/6.3.1/armv6-m/crti.o
                0x080017a8                _init
 .init          0x080017ac        0x8 c:/program files (x86)/atollic/truestudio for stm32 9.0.0/armtools/bin/../lib/gcc/arm-atollic-eabi/6.3.1/armv6-m/crtn.o
 *(.fini)
 .fini          0x080017b4        0x4 c:/program files (x86)/atollic/truestudio for stm32 9.0.0/armtools/bin/../lib/gcc/arm-atollic-eabi/6.3.1/armv6-m/crti.o
                0x080017b4                _fini
 .fini          0x080017b8        0x8 c:/program files (x86)/atollic/truestudio for stm32 9.0.0/armtools/bin/../lib/gcc/arm-atollic-eabi/6.3.1/armv6-m/crtn.o
                0x080017c0                . = ALIGN (0x4)
                0x080017c0                _etext = .

.vfp11_veneer   0x080017c0        0x0
 .vfp11_veneer  0x080017c0        0x0 linker stubs

.v4_bx          0x080017c0        0x0
 .v4_bx         0x080017c0        0x0 linker stubs

.iplt           0x080017c0        0x0
 .iplt          0x080017c0        0x0 c:/program files (x86)/atollic/truestudio for stm32 9.0.0/armtools/bin/../lib/gcc/arm-atollic-eabi/6.3.1/armv6-m/crtbegin.o

.rodata         0x080017c0      0x2d0
                0x080017c0                . = ALIGN (0x4)
 *(.rodata)
 .rodata        0x080017c0        0x2 src\AT_parser\AT_parser.o
 *fill*         0x080017c2        0x2 
 .rodata        0x080017c4       0xa8 src\CLI_modules\CLI_modules.o
 .rodata        0x0800186c       0x19 src\common.o
 *fill*         0x08001885        0x3 
 .rodata        0x08001888       0x85 src\main.o
 *(.rodata*)
 *fill*         0x0800190d        0x3 
 .rodata.AT_cmd_array
                0x08001910       0x48 src\main.o
                0x08001910                AT_cmd_array
 .rodata.no_AT_cmd_array
                0x08001958        0x8 src\main.o
                0x08001958                no_AT_cmd_array
 .rodata.__utoa.str1.1
                0x08001960       0x25 c:/program files (x86)/atollic/truestudio for stm32 9.0.0/armtools/bin/../lib/gcc/arm-atollic-eabi/6.3.1/../../../../arm-atollic-eabi/lib/armv6-m\libc_nano.a(lib_a-utoa.o)
 .rodata._setlocale_r.str1.1
                0x08001985        0x8 c:/program files (x86)/atollic/truestudio for stm32 9.0.0/armtools/bin/../lib/gcc/arm-atollic-eabi/6.3.1/../../../../arm-atollic-eabi/lib/armv6-m\libc_nano.a(lib_a-locale.o)
                                  0x9 (size before relaxing)
 .rodata.str1.1
                0x0800198d        0x2 c:/program files (x86)/atollic/truestudio for stm32 9.0.0/armtools/bin/../lib/gcc/arm-atollic-eabi/6.3.1/../../../../arm-atollic-eabi/lib/armv6-m\libc_nano.a(lib_a-locale.o)
 .rodata._ctype_
                0x0800198f      0x101 c:/program files (x86)/atollic/truestudio for stm32 9.0.0/armtools/bin/../lib/gcc/arm-atollic-eabi/6.3.1/../../../../arm-atollic-eabi/lib/armv6-m\libc_nano.a(lib_a-ctype_.o)
                0x0800198f                _ctype_
                0x08001a90                . = ALIGN (0x4)

.rel.dyn        0x08001a90        0x0
 .rel.iplt      0x08001a90        0x0 c:/program files (x86)/atollic/truestudio for stm32 9.0.0/armtools/bin/../lib/gcc/arm-atollic-eabi/6.3.1/armv6-m/crtbegin.o

.ARM.extab
 *(.ARM.extab* .gnu.linkonce.armextab.*)

.ARM            0x08001a90        0x0
                0x08001a90                __exidx_start = .
 *(.ARM.exidx*)
                0x08001a90                __exidx_end = .

.preinit_array  0x08001a90        0x0
                0x08001a90                PROVIDE (__preinit_array_start, .)
 *(.preinit_array*)
                0x08001a90                PROVIDE (__preinit_array_end, .)

.init_array     0x08001a90        0x4
                0x08001a90                PROVIDE (__init_array_start, .)
 *(SORT(.init_array.*))
 *(.init_array*)
 .init_array    0x08001a90        0x4 c:/program files (x86)/atollic/truestudio for stm32 9.0.0/armtools/bin/../lib/gcc/arm-atollic-eabi/6.3.1/armv6-m/crtbegin.o
                0x08001a94                PROVIDE (__init_array_end, .)

.fini_array     0x08001a94        0x4
                [!provide]                PROVIDE (__fini_array_start, .)
 *(SORT(.fini_array.*))
 *(.fini_array*)
 .fini_array    0x08001a94        0x4 c:/program files (x86)/atollic/truestudio for stm32 9.0.0/armtools/bin/../lib/gcc/arm-atollic-eabi/6.3.1/armv6-m/crtbegin.o
                [!provide]                PROVIDE (__fini_array_end, .)
                0x08001a98                _sidata = LOADADDR (.data)

.data           0x20000000      0x210 load address 0x08001a98
                0x20000000                . = ALIGN (0x4)
                0x20000000                _sdata = .
 *(.data)
 *(.data*)
 .data.params_GPIO_ports
                0x20000000       0x14 src\CLI_modules\CLI_modules.o
                0x20000000                params_GPIO_ports
 .data.tablica_GPIO
                0x20000014       0x14 src\CLI_modules\CLI_modules.o
                0x20000014                tablica_GPIO
 .data.params_GPIO_mode
                0x20000028       0x10 src\CLI_modules\CLI_modules.o
                0x20000028                params_GPIO_mode
 .data.A        0x20000038        0x4 src\CLI_modules\CLI_modules.o
                0x20000038                A
 .data.B        0x2000003c        0x4 src\CLI_modules\CLI_modules.o
                0x2000003c                B
 .data._impure_ptr
                0x20000040        0x4 c:/program files (x86)/atollic/truestudio for stm32 9.0.0/armtools/bin/../lib/gcc/arm-atollic-eabi/6.3.1/../../../../arm-atollic-eabi/lib/armv6-m\libc_nano.a(lib_a-impure.o)
                0x20000040                _impure_ptr
 .data.impure_data
                0x20000044       0x60 c:/program files (x86)/atollic/truestudio for stm32 9.0.0/armtools/bin/../lib/gcc/arm-atollic-eabi/6.3.1/../../../../arm-atollic-eabi/lib/armv6-m\libc_nano.a(lib_a-impure.o)
 .data.__global_locale
                0x200000a4      0x16c c:/program files (x86)/atollic/truestudio for stm32 9.0.0/armtools/bin/../lib/gcc/arm-atollic-eabi/6.3.1/../../../../arm-atollic-eabi/lib/armv6-m\libc_nano.a(lib_a-locale.o)
                0x200000a4                __global_locale
                0x20000210                . = ALIGN (0x4)
                0x20000210                _edata = .

.igot.plt       0x20000210        0x0 load address 0x08001ca8
 .igot.plt      0x20000210        0x0 c:/program files (x86)/atollic/truestudio for stm32 9.0.0/armtools/bin/../lib/gcc/arm-atollic-eabi/6.3.1/armv6-m/crtbegin.o
                0x20000210                . = ALIGN (0x4)

.bss            0x20000210      0x1b0 load address 0x08001ca8
                0x20000210                _sbss = .
                0x20000210                __bss_start__ = _sbss
 *(.bss)
 .bss           0x20000210       0x1c c:/program files (x86)/atollic/truestudio for stm32 9.0.0/armtools/bin/../lib/gcc/arm-atollic-eabi/6.3.1/armv6-m/crtbegin.o
 *(.bss*)
 .bss.AT_commands_number
                0x2000022c        0x4 src\AT_parser\AT_parser.o
                0x2000022c                AT_commands_number
 .bss.no_AT_command_array
                0x20000230        0x4 src\AT_parser\AT_parser.o
 .bss.no_AT_commands_number
                0x20000234        0x4 src\AT_parser\AT_parser.o
                0x20000234                no_AT_commands_number
 .bss.AT_command_error_callback
                0x20000238        0x4 src\AT_parser\AT_parser.o
 .bss.params_cnt.4959
                0x2000023c        0x4 src\AT_parser\AT_parser.o
 .bss.params.4958
                0x20000240       0x3c src\AT_parser\AT_parser.o
 .bss.UART_RxBuf
                0x2000027c       0x64 src\UART\uart.o
 .bss.UART_TxBuf
                0x200002e0       0x64 src\UART\uart.o
 .bss.uart_work_buff
                0x20000344       0x64 src\UART\uart.o
 .bss.UART_RxHead
                0x200003a8        0x1 src\UART\uart.o
 .bss.UART_RxTail
                0x200003a9        0x1 src\UART\uart.o
 .bss.UART_TxHead
                0x200003aa        0x1 src\UART\uart.o
 .bss.UART_TxTail
                0x200003ab        0x1 src\UART\uart.o
 .bss.otrzymane_linie
                0x200003ac        0x1 src\UART\uart.o
 *(COMMON)
 *fill*         0x200003ad        0x3 
 COMMON         0x200003b0        0x4 src\AT_parser\AT_parser.o
                0x200003b0                AT_command_array
 COMMON         0x200003b4        0x4 src\UART\uart.o
                0x200003b4                my_uart_callback_pointer
 COMMON         0x200003b8        0x8 src\dmb_delay_systick\dmb_delay_systick.o
                0x200003b8                delay_counter
                0x200003bc                callback
                0x200003c0                . = ALIGN (0x4)
                0x200003c0                _ebss = .
                0x200003c0                __bss_end__ = _ebss

._user_heap_stack
                0x200003c0       0x80 load address 0x08001ca8
                0x200003c0                . = ALIGN (0x4)
                [!provide]                PROVIDE (end, .)
                [!provide]                PROVIDE (_end, .)
                0x200003c0                . = (. + _Min_Heap_Size)
                0x20000440                . = (. + _Min_Stack_Size)
 *fill*         0x200003c0       0x80 
                0x20000440                . = ALIGN (0x4)

.memory_b1_text
 *(.mb1text)
 *(.mb1text*)
 *(.mb1rodata)
 *(.mb1rodata*)

/DISCARD/
 libc.a(*)
 libm.a(*)
 libgcc.a(*)

.ARM.attributes
                0x00000000       0x28
 *(.ARM.attributes)
 .ARM.attributes
                0x00000000       0x1e c:/program files (x86)/atollic/truestudio for stm32 9.0.0/armtools/bin/../lib/gcc/arm-atollic-eabi/6.3.1/armv6-m/crti.o
 .ARM.attributes
                0x0000001e       0x2c c:/program files (x86)/atollic/truestudio for stm32 9.0.0/armtools/bin/../lib/gcc/arm-atollic-eabi/6.3.1/armv6-m/crtbegin.o
 .ARM.attributes
                0x0000004a       0x31 src\AT_parser\AT_parser.o
 .ARM.attributes
                0x0000007b       0x31 src\CLI_modules\CLI_modules.o
 .ARM.attributes
                0x000000ac       0x31 src\RCC\RCC.o
 .ARM.attributes
                0x000000dd       0x31 src\UART\uart.o
 .ARM.attributes
                0x0000010e       0x31 src\common.o
 .ARM.attributes
                0x0000013f       0x31 src\dmb_delay_systick\dmb_delay_systick.o
 .ARM.attributes
                0x00000170       0x31 src\main.o
 .ARM.attributes
                0x000001a1       0x21 src\startup_stm32f030x6.o
 .ARM.attributes
                0x000001c2       0x2c c:/program files (x86)/atollic/truestudio for stm32 9.0.0/armtools/bin/../lib/gcc/arm-atollic-eabi/6.3.1/../../../../arm-atollic-eabi/lib/armv6-m\libc_nano.a(lib_a-atoi.o)
 .ARM.attributes
                0x000001ee       0x2c c:/program files (x86)/atollic/truestudio for stm32 9.0.0/armtools/bin/../lib/gcc/arm-atollic-eabi/6.3.1/../../../../arm-atollic-eabi/lib/armv6-m\libc_nano.a(lib_a-init.o)
 .ARM.attributes
                0x0000021a       0x2c c:/program files (x86)/atollic/truestudio for stm32 9.0.0/armtools/bin/../lib/gcc/arm-atollic-eabi/6.3.1/../../../../arm-atollic-eabi/lib/armv6-m\libc_nano.a(lib_a-itoa.o)
 .ARM.attributes
                0x00000246       0x2c c:/program files (x86)/atollic/truestudio for stm32 9.0.0/armtools/bin/../lib/gcc/arm-atollic-eabi/6.3.1/../../../../arm-atollic-eabi/lib/armv6-m\libc_nano.a(lib_a-strchr.o)
 .ARM.attributes
                0x00000272       0x1c c:/program files (x86)/atollic/truestudio for stm32 9.0.0/armtools/bin/../lib/gcc/arm-atollic-eabi/6.3.1/../../../../arm-atollic-eabi/lib/armv6-m\libc_nano.a(lib_a-strcmp.o)
 .ARM.attributes
                0x0000028e       0x1c c:/program files (x86)/atollic/truestudio for stm32 9.0.0/armtools/bin/../lib/gcc/arm-atollic-eabi/6.3.1/../../../../arm-atollic-eabi/lib/armv6-m\libc_nano.a(lib_a-strlen.o)
 .ARM.attributes
                0x000002aa       0x2c c:/program files (x86)/atollic/truestudio for stm32 9.0.0/armtools/bin/../lib/gcc/arm-atollic-eabi/6.3.1/../../../../arm-atollic-eabi/lib/armv6-m\libc_nano.a(lib_a-strtok_r.o)
 .ARM.attributes
                0x000002d6       0x2c c:/program files (x86)/atollic/truestudio for stm32 9.0.0/armtools/bin/../lib/gcc/arm-atollic-eabi/6.3.1/../../../../arm-atollic-eabi/lib/armv6-m\libc_nano.a(lib_a-strtol.o)
 .ARM.attributes
                0x00000302       0x2c c:/program files (x86)/atollic/truestudio for stm32 9.0.0/armtools/bin/../lib/gcc/arm-atollic-eabi/6.3.1/../../../../arm-atollic-eabi/lib/armv6-m\libc_nano.a(lib_a-utoa.o)
 .ARM.attributes
                0x0000032e       0x2c c:/program files (x86)/atollic/truestudio for stm32 9.0.0/armtools/bin/../lib/gcc/arm-atollic-eabi/6.3.1/../../../../arm-atollic-eabi/lib/armv6-m\libc_nano.a(lib_a-impure.o)
 .ARM.attributes
                0x0000035a       0x2c c:/program files (x86)/atollic/truestudio for stm32 9.0.0/armtools/bin/../lib/gcc/arm-atollic-eabi/6.3.1/../../../../arm-atollic-eabi/lib/armv6-m\libc_nano.a(lib_a-locale.o)
 .ARM.attributes
                0x00000386       0x2c c:/program files (x86)/atollic/truestudio for stm32 9.0.0/armtools/bin/../lib/gcc/arm-atollic-eabi/6.3.1/../../../../arm-atollic-eabi/lib/armv6-m\libc_nano.a(lib_a-mbtowc_r.o)
 .ARM.attributes
                0x000003b2       0x2c c:/program files (x86)/atollic/truestudio for stm32 9.0.0/armtools/bin/../lib/gcc/arm-atollic-eabi/6.3.1/../../../../arm-atollic-eabi/lib/armv6-m\libc_nano.a(lib_a-memcpy-stub.o)
 .ARM.attributes
                0x000003de       0x2c c:/program files (x86)/atollic/truestudio for stm32 9.0.0/armtools/bin/../lib/gcc/arm-atollic-eabi/6.3.1/../../../../arm-atollic-eabi/lib/armv6-m\libc_nano.a(lib_a-wctomb_r.o)
 .ARM.attributes
                0x0000040a       0x2c c:/program files (x86)/atollic/truestudio for stm32 9.0.0/armtools/bin/../lib/gcc/arm-atollic-eabi/6.3.1/../../../../arm-atollic-eabi/lib/armv6-m\libc_nano.a(lib_a-ctype_.o)
 .ARM.attributes
                0x00000436       0x1e c:/program files (x86)/atollic/truestudio for stm32 9.0.0/armtools/bin/../lib/gcc/arm-atollic-eabi/6.3.1/armv6-m\libgcc.a(_udivsi3.o)
 .ARM.attributes
                0x00000454       0x1e c:/program files (x86)/atollic/truestudio for stm32 9.0.0/armtools/bin/../lib/gcc/arm-atollic-eabi/6.3.1/armv6-m\libgcc.a(_dvmd_tls.o)
 .ARM.attributes
                0x00000472       0x1e c:/program files (x86)/atollic/truestudio for stm32 9.0.0/armtools/bin/../lib/gcc/arm-atollic-eabi/6.3.1/armv6-m/crtn.o
OUTPUT(004_STM32F0_CLI.elf elf32-littlearm)

.debug_info     0x00000000     0x4807
 .debug_info    0x00000000      0xbc0 src\AT_parser\AT_parser.o
 .debug_info    0x00000bc0     0x104d src\CLI_modules\CLI_modules.o
 .debug_info    0x00001c0d      0x283 src\RCC\RCC.o
 .debug_info    0x00001e90     0x1017 src\UART\uart.o
 .debug_info    0x00002ea7      0x96a src\common.o
 .debug_info    0x00003811      0x4c2 src\dmb_delay_systick\dmb_delay_systick.o
 .debug_info    0x00003cd3      0xac2 src\main.o
 .debug_info    0x00004795       0x72 src\startup_stm32f030x6.o

.debug_abbrev   0x00000000      0xdc2
 .debug_abbrev  0x00000000      0x24b src\AT_parser\AT_parser.o
 .debug_abbrev  0x0000024b      0x2a6 src\CLI_modules\CLI_modules.o
 .debug_abbrev  0x000004f1      0x113 src\RCC\RCC.o
 .debug_abbrev  0x00000604      0x2b0 src\UART\uart.o
 .debug_abbrev  0x000008b4      0x198 src\common.o
 .debug_abbrev  0x00000a4c      0x1cc src\dmb_delay_systick\dmb_delay_systick.o
 .debug_abbrev  0x00000c18      0x198 src\main.o
 .debug_abbrev  0x00000db0       0x12 src\startup_stm32f030x6.o

.debug_aranges  0x00000000      0x230
 .debug_aranges
                0x00000000       0x38 src\AT_parser\AT_parser.o
 .debug_aranges
                0x00000038       0x88 src\CLI_modules\CLI_modules.o
 .debug_aranges
                0x000000c0       0x20 src\RCC\RCC.o
 .debug_aranges
                0x000000e0       0x88 src\UART\uart.o
 .debug_aranges
                0x00000168       0x38 src\common.o
 .debug_aranges
                0x000001a0       0x48 src\dmb_delay_systick\dmb_delay_systick.o
 .debug_aranges
                0x000001e8       0x20 src\main.o
 .debug_aranges
                0x00000208       0x28 src\startup_stm32f030x6.o

.debug_ranges   0x00000000      0x200
 .debug_ranges  0x00000000       0x58 src\AT_parser\AT_parser.o
 .debug_ranges  0x00000058       0x78 src\CLI_modules\CLI_modules.o
 .debug_ranges  0x000000d0       0x10 src\RCC\RCC.o
 .debug_ranges  0x000000e0       0x90 src\UART\uart.o
 .debug_ranges  0x00000170       0x28 src\common.o
 .debug_ranges  0x00000198       0x38 src\dmb_delay_systick\dmb_delay_systick.o
 .debug_ranges  0x000001d0       0x10 src\main.o
 .debug_ranges  0x000001e0       0x20 src\startup_stm32f030x6.o

.debug_line     0x00000000     0x14e6
 .debug_line    0x00000000      0x2da src\AT_parser\AT_parser.o
 .debug_line    0x000002da      0x425 src\CLI_modules\CLI_modules.o
 .debug_line    0x000006ff      0x1c4 src\RCC\RCC.o
 .debug_line    0x000008c3      0x405 src\UART\uart.o
 .debug_line    0x00000cc8      0x29b src\common.o
 .debug_line    0x00000f63      0x262 src\dmb_delay_systick\dmb_delay_systick.o
 .debug_line    0x000011c5      0x2a3 src\main.o
 .debug_line    0x00001468       0x7e src\startup_stm32f030x6.o

.debug_str      0x00000000      0xf14
 .debug_str     0x00000000      0x6ba src\AT_parser\AT_parser.o
                                0x765 (size before relaxing)
 .debug_str     0x000006ba      0x2e5 src\CLI_modules\CLI_modules.o
                                0x8e7 (size before relaxing)
 .debug_str     0x0000099f       0x5d src\RCC\RCC.o
                                0x269 (size before relaxing)
 .debug_str     0x000009fc      0x37b src\UART\uart.o
                                0xa41 (size before relaxing)
 .debug_str     0x00000d77       0x3b src\common.o
                                0x62c (size before relaxing)
 .debug_str     0x00000db2      0x13f src\dmb_delay_systick\dmb_delay_systick.o
                                0x4c2 (size before relaxing)
 .debug_str     0x00000ef1       0x23 src\main.o
                                0x692 (size before relaxing)

.comment        0x00000000       0x7c
 .comment       0x00000000       0x7c src\AT_parser\AT_parser.o
                                 0x7d (size before relaxing)
 .comment       0x0000007c       0x7d src\CLI_modules\CLI_modules.o
 .comment       0x0000007c       0x7d src\RCC\RCC.o
 .comment       0x0000007c       0x7d src\UART\uart.o
 .comment       0x0000007c       0x7d src\common.o
 .comment       0x0000007c       0x7d src\dmb_delay_systick\dmb_delay_systick.o
 .comment       0x0000007c       0x7d src\main.o

.debug_frame    0x00000000      0x908
 .debug_frame   0x00000000       0x90 src\AT_parser\AT_parser.o
 .debug_frame   0x00000090      0x1cc src\CLI_modules\CLI_modules.o
 .debug_frame   0x0000025c       0x30 src\RCC\RCC.o
 .debug_frame   0x0000028c      0x1c0 src\UART\uart.o
 .debug_frame   0x0000044c       0x84 src\common.o
 .debug_frame   0x000004d0       0xd0 src\dmb_delay_systick\dmb_delay_systick.o
 .debug_frame   0x000005a0       0x2c src\main.o
 .debug_frame   0x000005cc       0x40 c:/program files (x86)/atollic/truestudio for stm32 9.0.0/armtools/bin/../lib/gcc/arm-atollic-eabi/6.3.1/../../../../arm-atollic-eabi/lib/armv6-m\libc_nano.a(lib_a-atoi.o)
 .debug_frame   0x0000060c       0x2c c:/program files (x86)/atollic/truestudio for stm32 9.0.0/armtools/bin/../lib/gcc/arm-atollic-eabi/6.3.1/../../../../arm-atollic-eabi/lib/armv6-m\libc_nano.a(lib_a-init.o)
 .debug_frame   0x00000638       0x40 c:/program files (x86)/atollic/truestudio for stm32 9.0.0/armtools/bin/../lib/gcc/arm-atollic-eabi/6.3.1/../../../../arm-atollic-eabi/lib/armv6-m\libc_nano.a(lib_a-itoa.o)
 .debug_frame   0x00000678       0x20 c:/program files (x86)/atollic/truestudio for stm32 9.0.0/armtools/bin/../lib/gcc/arm-atollic-eabi/6.3.1/../../../../arm-atollic-eabi/lib/armv6-m\libc_nano.a(lib_a-strchr.o)
 .debug_frame   0x00000698       0x20 c:/program files (x86)/atollic/truestudio for stm32 9.0.0/armtools/bin/../lib/gcc/arm-atollic-eabi/6.3.1/../../../../arm-atollic-eabi/lib/armv6-m\libc_nano.a(lib_a-strcmp.o)
 .debug_frame   0x000006b8       0x48 c:/program files (x86)/atollic/truestudio for stm32 9.0.0/armtools/bin/../lib/gcc/arm-atollic-eabi/6.3.1/../../../../arm-atollic-eabi/lib/armv6-m\libc_nano.a(lib_a-strtok_r.o)
 .debug_frame   0x00000700       0x88 c:/program files (x86)/atollic/truestudio for stm32 9.0.0/armtools/bin/../lib/gcc/arm-atollic-eabi/6.3.1/../../../../arm-atollic-eabi/lib/armv6-m\libc_nano.a(lib_a-strtol.o)
 .debug_frame   0x00000788       0x48 c:/program files (x86)/atollic/truestudio for stm32 9.0.0/armtools/bin/../lib/gcc/arm-atollic-eabi/6.3.1/../../../../arm-atollic-eabi/lib/armv6-m\libc_nano.a(lib_a-utoa.o)
 .debug_frame   0x000007d0       0x74 c:/program files (x86)/atollic/truestudio for stm32 9.0.0/armtools/bin/../lib/gcc/arm-atollic-eabi/6.3.1/../../../../arm-atollic-eabi/lib/armv6-m\libc_nano.a(lib_a-locale.o)
 .debug_frame   0x00000844       0x44 c:/program files (x86)/atollic/truestudio for stm32 9.0.0/armtools/bin/../lib/gcc/arm-atollic-eabi/6.3.1/../../../../arm-atollic-eabi/lib/armv6-m\libc_nano.a(lib_a-mbtowc_r.o)
 .debug_frame   0x00000888       0x28 c:/program files (x86)/atollic/truestudio for stm32 9.0.0/armtools/bin/../lib/gcc/arm-atollic-eabi/6.3.1/../../../../arm-atollic-eabi/lib/armv6-m\libc_nano.a(lib_a-memcpy-stub.o)
 .debug_frame   0x000008b0       0x38 c:/program files (x86)/atollic/truestudio for stm32 9.0.0/armtools/bin/../lib/gcc/arm-atollic-eabi/6.3.1/../../../../arm-atollic-eabi/lib/armv6-m\libc_nano.a(lib_a-wctomb_r.o)
 .debug_frame   0x000008e8       0x20 c:/program files (x86)/atollic/truestudio for stm32 9.0.0/armtools/bin/../lib/gcc/arm-atollic-eabi/6.3.1/armv6-m\libgcc.a(_udivsi3.o)

Cross Reference Table

Symbol                                            File
A                                                 src\CLI_modules\CLI_modules.o
ADC1_IRQHandler                                   src\startup_stm32f030x6.o
AHBPrescTable                                     src\system_stm32f0xx.o
APBPrescTable                                     src\system_stm32f0xx.o
AT_cmd_array                                      src\main.o
AT_command_array                                  src\AT_parser\AT_parser.o
AT_commands_decode                                src\AT_parser\AT_parser.o
                                                  src\main.o
AT_commands_number                                src\AT_parser\AT_parser.o
AT_register_AT_commands_table                     src\AT_parser\AT_parser.o
                                                  src\main.o
AT_register_error_function                        src\AT_parser\AT_parser.o
                                                  src\main.o
AT_register_no_AT_commands_table                  src\AT_parser\AT_parser.o
                                                  src\main.o
B                                                 src\CLI_modules\CLI_modules.o
CLI_ADC_get_AB                                    src\CLI_modules\CLI_modules.o
                                                  src\main.o
CLI_ADC_init                                      src\CLI_modules\CLI_modules.o
                                                  src\main.o
CLI_ADC_pomiar                                    src\CLI_modules\CLI_modules.o
CLI_ADC_set_A                                     src\CLI_modules\CLI_modules.o
                                                  src\main.o
CLI_ADC_set_B                                     src\CLI_modules\CLI_modules.o
                                                  src\main.o
CLI_ADC_start                                     src\CLI_modules\CLI_modules.o
                                                  src\main.o
CLI_ADC_start_v                                   src\CLI_modules\CLI_modules.o
                                                  src\main.o
CLI_GPIO_in                                       src\CLI_modules\CLI_modules.o
                                                  src\main.o
CLI_GPIO_init                                     src\CLI_modules\CLI_modules.o
                                                  src\main.o
CLI_GPIO_out                                      src\CLI_modules\CLI_modules.o
                                                  src\main.o
DMA1_Channel1_IRQHandler                          src\startup_stm32f030x6.o
DMA1_Channel2_3_IRQHandler                        src\startup_stm32f030x6.o
DMA1_Channel4_5_IRQHandler                        src\startup_stm32f030x6.o
Default_Handler                                   src\startup_stm32f030x6.o
EXTI0_1_IRQHandler                                src\startup_stm32f030x6.o
EXTI2_3_IRQHandler                                src\startup_stm32f030x6.o
EXTI4_15_IRQHandler                               src\startup_stm32f030x6.o
FLASH_IRQHandler                                  src\startup_stm32f030x6.o
GPIO_read_input                                   src\CLI_modules\CLI_modules.o
GPIO_set_output                                   src\CLI_modules\CLI_modules.o
HardFault_Handler                                 src\startup_stm32f030x6.o
I2C1_IRQHandler                                   src\startup_stm32f030x6.o
NMI_Handler                                       src\startup_stm32f030x6.o
PendSV_Handler                                    src\startup_stm32f030x6.o
RCC_IRQHandler                                    src\startup_stm32f030x6.o
RCC_init                                          src\RCC\RCC.o
                                                  src\main.o
RTC_IRQHandler                                    src\startup_stm32f030x6.o
Reset_Handler                                     src\startup_stm32f030x6.o
SPI1_IRQHandler                                   src\startup_stm32f030x6.o
SVC_Handler                                       src\startup_stm32f030x6.o
SysTick_Handler                                   src\dmb_delay_systick\dmb_delay_systick.o
SystemCoreClock                                   src\system_stm32f0xx.o
SystemCoreClockUpdate                             src\system_stm32f0xx.o
SystemInit                                        src\system_stm32f0xx.o
TIM14_IRQHandler                                  src\startup_stm32f030x6.o
TIM16_IRQHandler                                  src\startup_stm32f030x6.o
TIM17_IRQHandler                                  src\startup_stm32f030x6.o
TIM1_BRK_UP_TRG_COM_IRQHandler                    src\startup_stm32f030x6.o
TIM1_CC_IRQHandler                                src\startup_stm32f030x6.o
TIM3_IRQHandler                                   src\startup_stm32f030x6.o
USART1_IRQHandler                                 src\UART\uart.o
WWDG_IRQHandler                                   src\startup_stm32f030x6.o
_PathLocale                                       c:/program files (x86)/atollic/truestudio for stm32 9.0.0/armtools/bin/../lib/gcc/arm-atollic-eabi/6.3.1/../../../../arm-atollic-eabi/lib/armv6-m\libc_nano.a(lib_a-locale.o)
__aeabi_idiv0                                     c:/program files (x86)/atollic/truestudio for stm32 9.0.0/armtools/bin/../lib/gcc/arm-atollic-eabi/6.3.1/armv6-m\libgcc.a(_dvmd_tls.o)
                                                  c:/program files (x86)/atollic/truestudio for stm32 9.0.0/armtools/bin/../lib/gcc/arm-atollic-eabi/6.3.1/armv6-m\libgcc.a(_udivsi3.o)
__aeabi_ldiv0                                     c:/program files (x86)/atollic/truestudio for stm32 9.0.0/armtools/bin/../lib/gcc/arm-atollic-eabi/6.3.1/armv6-m\libgcc.a(_dvmd_tls.o)
__aeabi_uidiv                                     c:/program files (x86)/atollic/truestudio for stm32 9.0.0/armtools/bin/../lib/gcc/arm-atollic-eabi/6.3.1/armv6-m\libgcc.a(_udivsi3.o)
                                                  c:/program files (x86)/atollic/truestudio for stm32 9.0.0/armtools/bin/../lib/gcc/arm-atollic-eabi/6.3.1/../../../../arm-atollic-eabi/lib/armv6-m\libc_nano.a(lib_a-utoa.o)
                                                  c:/program files (x86)/atollic/truestudio for stm32 9.0.0/armtools/bin/../lib/gcc/arm-atollic-eabi/6.3.1/../../../../arm-atollic-eabi/lib/armv6-m\libc_nano.a(lib_a-strtol.o)
                                                  src\system_stm32f0xx.o
                                                  src\dmb_delay_systick\dmb_delay_systick.o
                                                  src\UART\uart.o
                                                  src\CLI_modules\CLI_modules.o
__aeabi_uidivmod                                  c:/program files (x86)/atollic/truestudio for stm32 9.0.0/armtools/bin/../lib/gcc/arm-atollic-eabi/6.3.1/armv6-m\libgcc.a(_udivsi3.o)
                                                  c:/program files (x86)/atollic/truestudio for stm32 9.0.0/armtools/bin/../lib/gcc/arm-atollic-eabi/6.3.1/../../../../arm-atollic-eabi/lib/armv6-m\libc_nano.a(lib_a-utoa.o)
                                                  c:/program files (x86)/atollic/truestudio for stm32 9.0.0/armtools/bin/../lib/gcc/arm-atollic-eabi/6.3.1/../../../../arm-atollic-eabi/lib/armv6-m\libc_nano.a(lib_a-strtol.o)
                                                  src\CLI_modules\CLI_modules.o
__ascii_mbtowc                                    c:/program files (x86)/atollic/truestudio for stm32 9.0.0/armtools/bin/../lib/gcc/arm-atollic-eabi/6.3.1/../../../../arm-atollic-eabi/lib/armv6-m\libc_nano.a(lib_a-mbtowc_r.o)
                                                  c:/program files (x86)/atollic/truestudio for stm32 9.0.0/armtools/bin/../lib/gcc/arm-atollic-eabi/6.3.1/../../../../arm-atollic-eabi/lib/armv6-m\libc_nano.a(lib_a-locale.o)
__ascii_wctomb                                    c:/program files (x86)/atollic/truestudio for stm32 9.0.0/armtools/bin/../lib/gcc/arm-atollic-eabi/6.3.1/../../../../arm-atollic-eabi/lib/armv6-m\libc_nano.a(lib_a-wctomb_r.o)
                                                  c:/program files (x86)/atollic/truestudio for stm32 9.0.0/armtools/bin/../lib/gcc/arm-atollic-eabi/6.3.1/../../../../arm-atollic-eabi/lib/armv6-m\libc_nano.a(lib_a-locale.o)
__deregister_frame_info                           c:/program files (x86)/atollic/truestudio for stm32 9.0.0/armtools/bin/../lib/gcc/arm-atollic-eabi/6.3.1/armv6-m/crtbegin.o
__dso_handle                                      c:/program files (x86)/atollic/truestudio for stm32 9.0.0/armtools/bin/../lib/gcc/arm-atollic-eabi/6.3.1/armv6-m/crtbegin.o
__global_locale                                   c:/program files (x86)/atollic/truestudio for stm32 9.0.0/armtools/bin/../lib/gcc/arm-atollic-eabi/6.3.1/../../../../arm-atollic-eabi/lib/armv6-m\libc_nano.a(lib_a-locale.o)
                                                  c:/program files (x86)/atollic/truestudio for stm32 9.0.0/armtools/bin/../lib/gcc/arm-atollic-eabi/6.3.1/../../../../arm-atollic-eabi/lib/armv6-m\libc_nano.a(lib_a-wctomb_r.o)
                                                  c:/program files (x86)/atollic/truestudio for stm32 9.0.0/armtools/bin/../lib/gcc/arm-atollic-eabi/6.3.1/../../../../arm-atollic-eabi/lib/armv6-m\libc_nano.a(lib_a-mbtowc_r.o)
                                                  c:/program files (x86)/atollic/truestudio for stm32 9.0.0/armtools/bin/../lib/gcc/arm-atollic-eabi/6.3.1/../../../../arm-atollic-eabi/lib/armv6-m\libc_nano.a(lib_a-strtol.o)
__init_array_end                                  c:/program files (x86)/atollic/truestudio for stm32 9.0.0/armtools/bin/../lib/gcc/arm-atollic-eabi/6.3.1/../../../../arm-atollic-eabi/lib/armv6-m\libc_nano.a(lib_a-init.o)
__init_array_start                                c:/program files (x86)/atollic/truestudio for stm32 9.0.0/armtools/bin/../lib/gcc/arm-atollic-eabi/6.3.1/../../../../arm-atollic-eabi/lib/armv6-m\libc_nano.a(lib_a-init.o)
__itoa                                            c:/program files (x86)/atollic/truestudio for stm32 9.0.0/armtools/bin/../lib/gcc/arm-atollic-eabi/6.3.1/../../../../arm-atollic-eabi/lib/armv6-m\libc_nano.a(lib_a-itoa.o)
__libc_init_array                                 c:/program files (x86)/atollic/truestudio for stm32 9.0.0/armtools/bin/../lib/gcc/arm-atollic-eabi/6.3.1/../../../../arm-atollic-eabi/lib/armv6-m\libc_nano.a(lib_a-init.o)
                                                  src\startup_stm32f030x6.o
__locale_ctype_ptr                                c:/program files (x86)/atollic/truestudio for stm32 9.0.0/armtools/bin/../lib/gcc/arm-atollic-eabi/6.3.1/../../../../arm-atollic-eabi/lib/armv6-m\libc_nano.a(lib_a-locale.o)
__locale_ctype_ptr_l                              c:/program files (x86)/atollic/truestudio for stm32 9.0.0/armtools/bin/../lib/gcc/arm-atollic-eabi/6.3.1/../../../../arm-atollic-eabi/lib/armv6-m\libc_nano.a(lib_a-locale.o)
                                                  c:/program files (x86)/atollic/truestudio for stm32 9.0.0/armtools/bin/../lib/gcc/arm-atollic-eabi/6.3.1/../../../../arm-atollic-eabi/lib/armv6-m\libc_nano.a(lib_a-strtol.o)
__locale_mb_cur_max                               c:/program files (x86)/atollic/truestudio for stm32 9.0.0/armtools/bin/../lib/gcc/arm-atollic-eabi/6.3.1/../../../../arm-atollic-eabi/lib/armv6-m\libc_nano.a(lib_a-locale.o)
__preinit_array_end                               c:/program files (x86)/atollic/truestudio for stm32 9.0.0/armtools/bin/../lib/gcc/arm-atollic-eabi/6.3.1/../../../../arm-atollic-eabi/lib/armv6-m\libc_nano.a(lib_a-init.o)
__preinit_array_start                             c:/program files (x86)/atollic/truestudio for stm32 9.0.0/armtools/bin/../lib/gcc/arm-atollic-eabi/6.3.1/../../../../arm-atollic-eabi/lib/armv6-m\libc_nano.a(lib_a-init.o)
__register_frame_info                             c:/program files (x86)/atollic/truestudio for stm32 9.0.0/armtools/bin/../lib/gcc/arm-atollic-eabi/6.3.1/armv6-m/crtbegin.o
__sf_fake_stderr                                  c:/program files (x86)/atollic/truestudio for stm32 9.0.0/armtools/bin/../lib/gcc/arm-atollic-eabi/6.3.1/../../../../arm-atollic-eabi/lib/armv6-m\libc_nano.a(lib_a-impure.o)
__sf_fake_stdin                                   c:/program files (x86)/atollic/truestudio for stm32 9.0.0/armtools/bin/../lib/gcc/arm-atollic-eabi/6.3.1/../../../../arm-atollic-eabi/lib/armv6-m\libc_nano.a(lib_a-impure.o)
__sf_fake_stdout                                  c:/program files (x86)/atollic/truestudio for stm32 9.0.0/armtools/bin/../lib/gcc/arm-atollic-eabi/6.3.1/../../../../arm-atollic-eabi/lib/armv6-m\libc_nano.a(lib_a-impure.o)
__strtok_r                                        c:/program files (x86)/atollic/truestudio for stm32 9.0.0/armtools/bin/../lib/gcc/arm-atollic-eabi/6.3.1/../../../../arm-atollic-eabi/lib/armv6-m\libc_nano.a(lib_a-strtok_r.o)
__udivsi3                                         c:/program files (x86)/atollic/truestudio for stm32 9.0.0/armtools/bin/../lib/gcc/arm-atollic-eabi/6.3.1/armv6-m\libgcc.a(_udivsi3.o)
__utoa                                            c:/program files (x86)/atollic/truestudio for stm32 9.0.0/armtools/bin/../lib/gcc/arm-atollic-eabi/6.3.1/../../../../arm-atollic-eabi/lib/armv6-m\libc_nano.a(lib_a-utoa.o)
                                                  c:/program files (x86)/atollic/truestudio for stm32 9.0.0/armtools/bin/../lib/gcc/arm-atollic-eabi/6.3.1/../../../../arm-atollic-eabi/lib/armv6-m\libc_nano.a(lib_a-itoa.o)
_atoi_r                                           c:/program files (x86)/atollic/truestudio for stm32 9.0.0/armtools/bin/../lib/gcc/arm-atollic-eabi/6.3.1/../../../../arm-atollic-eabi/lib/armv6-m\libc_nano.a(lib_a-atoi.o)
_ctype_                                           c:/program files (x86)/atollic/truestudio for stm32 9.0.0/armtools/bin/../lib/gcc/arm-atollic-eabi/6.3.1/../../../../arm-atollic-eabi/lib/armv6-m\libc_nano.a(lib_a-ctype_.o)
                                                  c:/program files (x86)/atollic/truestudio for stm32 9.0.0/armtools/bin/../lib/gcc/arm-atollic-eabi/6.3.1/../../../../arm-atollic-eabi/lib/armv6-m\libc_nano.a(lib_a-locale.o)
_delay_ms                                         src\dmb_delay_systick\dmb_delay_systick.o
_ebss                                             src\startup_stm32f030x6.o
_edata                                            src\startup_stm32f030x6.o
_estack                                           src\startup_stm32f030x6.o
_fini                                             c:/program files (x86)/atollic/truestudio for stm32 9.0.0/armtools/bin/../lib/gcc/arm-atollic-eabi/6.3.1/armv6-m/crti.o
_global_impure_ptr                                c:/program files (x86)/atollic/truestudio for stm32 9.0.0/armtools/bin/../lib/gcc/arm-atollic-eabi/6.3.1/../../../../arm-atollic-eabi/lib/armv6-m\libc_nano.a(lib_a-impure.o)
_impure_ptr                                       c:/program files (x86)/atollic/truestudio for stm32 9.0.0/armtools/bin/../lib/gcc/arm-atollic-eabi/6.3.1/../../../../arm-atollic-eabi/lib/armv6-m\libc_nano.a(lib_a-impure.o)
                                                  c:/program files (x86)/atollic/truestudio for stm32 9.0.0/armtools/bin/../lib/gcc/arm-atollic-eabi/6.3.1/../../../../arm-atollic-eabi/lib/armv6-m\libc_nano.a(lib_a-wctomb_r.o)
                                                  c:/program files (x86)/atollic/truestudio for stm32 9.0.0/armtools/bin/../lib/gcc/arm-atollic-eabi/6.3.1/../../../../arm-atollic-eabi/lib/armv6-m\libc_nano.a(lib_a-mbtowc_r.o)
                                                  c:/program files (x86)/atollic/truestudio for stm32 9.0.0/armtools/bin/../lib/gcc/arm-atollic-eabi/6.3.1/../../../../arm-atollic-eabi/lib/armv6-m\libc_nano.a(lib_a-locale.o)
                                                  c:/program files (x86)/atollic/truestudio for stm32 9.0.0/armtools/bin/../lib/gcc/arm-atollic-eabi/6.3.1/../../../../arm-atollic-eabi/lib/armv6-m\libc_nano.a(lib_a-strtol.o)
_init                                             c:/program files (x86)/atollic/truestudio for stm32 9.0.0/armtools/bin/../lib/gcc/arm-atollic-eabi/6.3.1/armv6-m/crti.o
                                                  c:/program files (x86)/atollic/truestudio for stm32 9.0.0/armtools/bin/../lib/gcc/arm-atollic-eabi/6.3.1/../../../../arm-atollic-eabi/lib/armv6-m\libc_nano.a(lib_a-init.o)
_mbtowc_r                                         c:/program files (x86)/atollic/truestudio for stm32 9.0.0/armtools/bin/../lib/gcc/arm-atollic-eabi/6.3.1/../../../../arm-atollic-eabi/lib/armv6-m\libc_nano.a(lib_a-mbtowc_r.o)
_sbss                                             src\startup_stm32f030x6.o
_sdata                                            src\startup_stm32f030x6.o
_setlocale_r                                      c:/program files (x86)/atollic/truestudio for stm32 9.0.0/armtools/bin/../lib/gcc/arm-atollic-eabi/6.3.1/../../../../arm-atollic-eabi/lib/armv6-m\libc_nano.a(lib_a-locale.o)
_sidata                                           src\startup_stm32f030x6.o
_strtol_r                                         c:/program files (x86)/atollic/truestudio for stm32 9.0.0/armtools/bin/../lib/gcc/arm-atollic-eabi/6.3.1/../../../../arm-atollic-eabi/lib/armv6-m\libc_nano.a(lib_a-strtol.o)
                                                  c:/program files (x86)/atollic/truestudio for stm32 9.0.0/armtools/bin/../lib/gcc/arm-atollic-eabi/6.3.1/../../../../arm-atollic-eabi/lib/armv6-m\libc_nano.a(lib_a-atoi.o)
_wctomb_r                                         c:/program files (x86)/atollic/truestudio for stm32 9.0.0/armtools/bin/../lib/gcc/arm-atollic-eabi/6.3.1/../../../../arm-atollic-eabi/lib/armv6-m\libc_nano.a(lib_a-wctomb_r.o)
atoi                                              c:/program files (x86)/atollic/truestudio for stm32 9.0.0/armtools/bin/../lib/gcc/arm-atollic-eabi/6.3.1/../../../../arm-atollic-eabi/lib/armv6-m\libc_nano.a(lib_a-atoi.o)
                                                  src\CLI_modules\CLI_modules.o
callback                                          src\dmb_delay_systick\dmb_delay_systick.o
delay_counter                                     src\dmb_delay_systick\dmb_delay_systick.o
dmb_delay_systick_init                            src\dmb_delay_systick\dmb_delay_systick.o
                                                  src\main.o
dmb_delay_systick_register_callback               src\dmb_delay_systick\dmb_delay_systick.o
error                                             src\common.o
                                                  src\main.o
g_pfnVectors                                      src\startup_stm32f030x6.o
init_ADC_single                                   src\CLI_modules\CLI_modules.o
init_uart                                         src\UART\uart.o
                                                  src\main.o
itoa                                              c:/program files (x86)/atollic/truestudio for stm32 9.0.0/armtools/bin/../lib/gcc/arm-atollic-eabi/6.3.1/../../../../arm-atollic-eabi/lib/armv6-m\libc_nano.a(lib_a-itoa.o)
                                                  src\UART\uart.o
main                                              src\main.o
                                                  src\startup_stm32f030x6.o
memcpy                                            c:/program files (x86)/atollic/truestudio for stm32 9.0.0/armtools/bin/../lib/gcc/arm-atollic-eabi/6.3.1/../../../../arm-atollic-eabi/lib/armv6-m\libc_nano.a(lib_a-memcpy-stub.o)
                                                  c:/program files (x86)/atollic/truestudio for stm32 9.0.0/armtools/bin/../lib/gcc/arm-atollic-eabi/6.3.1/../../../../arm-atollic-eabi/lib/armv6-m\libc_nano.a(lib_a-utoa.o)
my_uart_callback_pointer                          src\UART\uart.o
no_AT_cmd_array                                   src\main.o
no_AT_commands_number                             src\AT_parser\AT_parser.o
odeslij_error                                     src\common.o
                                                  src\CLI_modules\CLI_modules.o
odeslij_ok                                        src\common.o
                                                  src\CLI_modules\CLI_modules.o
params_GPIO_mode                                  src\CLI_modules\CLI_modules.o
params_GPIO_ports                                 src\CLI_modules\CLI_modules.o
przywitanie_no_AT                                 src\common.o
                                                  src\main.o
setlocale                                         c:/program files (x86)/atollic/truestudio for stm32 9.0.0/armtools/bin/../lib/gcc/arm-atollic-eabi/6.3.1/../../../../arm-atollic-eabi/lib/armv6-m\libc_nano.a(lib_a-locale.o)
strchr                                            c:/program files (x86)/atollic/truestudio for stm32 9.0.0/armtools/bin/../lib/gcc/arm-atollic-eabi/6.3.1/../../../../arm-atollic-eabi/lib/armv6-m\libc_nano.a(lib_a-strchr.o)
                                                  src\AT_parser\AT_parser.o
strcmp                                            c:/program files (x86)/atollic/truestudio for stm32 9.0.0/armtools/bin/../lib/gcc/arm-atollic-eabi/6.3.1/../../../../arm-atollic-eabi/lib/armv6-m\libc_nano.a(lib_a-strcmp.o)
                                                  c:/program files (x86)/atollic/truestudio for stm32 9.0.0/armtools/bin/../lib/gcc/arm-atollic-eabi/6.3.1/../../../../arm-atollic-eabi/lib/armv6-m\libc_nano.a(lib_a-locale.o)
                                                  src\CLI_modules\CLI_modules.o
                                                  src\AT_parser\AT_parser.o
strlen                                            c:/program files (x86)/atollic/truestudio for stm32 9.0.0/armtools/bin/../lib/gcc/arm-atollic-eabi/6.3.1/../../../../arm-atollic-eabi/lib/armv6-m\libc_nano.a(lib_a-strlen.o)
                                                  src\AT_parser\AT_parser.o
strtok_r                                          c:/program files (x86)/atollic/truestudio for stm32 9.0.0/armtools/bin/../lib/gcc/arm-atollic-eabi/6.3.1/../../../../arm-atollic-eabi/lib/armv6-m\libc_nano.a(lib_a-strtok_r.o)
                                                  src\AT_parser\AT_parser.o
strtol                                            c:/program files (x86)/atollic/truestudio for stm32 9.0.0/armtools/bin/../lib/gcc/arm-atollic-eabi/6.3.1/../../../../arm-atollic-eabi/lib/armv6-m\libc_nano.a(lib_a-strtol.o)
                                                  c:/program files (x86)/atollic/truestudio for stm32 9.0.0/armtools/bin/../lib/gcc/arm-atollic-eabi/6.3.1/../../../../arm-atollic-eabi/lib/armv6-m\libc_nano.a(lib_a-atoi.o)
strtol_l                                          c:/program files (x86)/atollic/truestudio for stm32 9.0.0/armtools/bin/../lib/gcc/arm-atollic-eabi/6.3.1/../../../../arm-atollic-eabi/lib/armv6-m\libc_nano.a(lib_a-strtol.o)
tablica_GPIO                                      src\CLI_modules\CLI_modules.o
uart_event_check                                  src\UART\uart.o
                                                  src\main.o
uart_odbior_sprawdz                               src\UART\uart.o
uart_odebrano_linie                               src\UART\uart.o
uart_pobierz_linie                                src\UART\uart.o
uart_pobierz_znak                                 src\UART\uart.o
uart_register_rx_callback                         src\UART\uart.o
                                                  src\main.o
uart_wyslij_lancuch                               src\UART\uart.o
                                                  src\CLI_modules\CLI_modules.o
uart_wyslij_lancuch_r                             src\UART\uart.o
uart_wyslij_lancuch_rn                            src\UART\uart.o
                                                  src\main.o
                                                  src\common.o
                                                  src\CLI_modules\CLI_modules.o
uart_wyslij_liczbe                                src\UART\uart.o
                                                  src\CLI_modules\CLI_modules.o
uart_wyslij_znak                                  src\UART\uart.o
utoa                                              c:/program files (x86)/atollic/truestudio for stm32 9.0.0/armtools/bin/../lib/gcc/arm-atollic-eabi/6.3.1/../../../../arm-atollic-eabi/lib/armv6-m\libc_nano.a(lib_a-utoa.o)
wyszukaj_w_tabeli_parametrow                      src\CLI_modules\CLI_modules.o
